PS C:\Users\sukhi\OneDrive\Desktop\2nd sem\psc second sem\c-activity-sets\set01> gdb
GNU gdb (GDB) 7.6.1
Copyright (C) 2013 Free Software Foundation, Inc.
License GPLv3+: GNU GPL version 3 or later <http://gnu.org/licenses/gpl.html>
This is free software: you are free to change and redistribute it.
There is NO WARRANTY, to the extent permitted by law.  Type "show copying"
and "show warranty" for details.
This GDB was configured as "mingw32".
For bug reporting instructions, please see:
<http://www.gnu.org/software/gdb/bugs/>.
(gdb) problem03
Undefined command: "problem03".  Try "help".
(gdb) file problem03
Reading symbols from C:\Users\sukhi\OneDrive\Desktop\2nd sem\psc second sem\c-activity-sets\set01\problem03.exe...done.
(gdb) l
warning: Source file is more recent than executable.
19      {
20          printf("the sum of %d +%d is %d",a ,b ,c);
21      }
22
23
24
25      int main(void)
26      {
27          int a,b,c;
28          a=input();
(gdb) b add
Breakpoint 1 at 0x401490: file C:\Users\sukhi\OneDrive\Desktop\2nd sem\psc second sem\c-activity-sets\set01\problem03.c, line 14.
(gdb) b main
Breakpoint 2 at 0x4014d8: file C:\Users\sukhi\OneDrive\Desktop\2nd sem\psc second sem\c-activity-sets\set01\problem03.c, line 28.
(gdb) r
Starting program: C:\Users\sukhi\OneDrive\Desktop\2nd sem\psc second sem\c-activity-sets\set01/problem03.exe 
[New Thread 28072.0x7380]
[New Thread 28072.0x4988]

Breakpoint 2, main () at C:\Users\sukhi\OneDrive\Desktop\2nd sem\psc second sem\c-activity-sets\set01\problem03.c:28
28          a=input();
(gdb) n
enter the number : 8
29          b=input();
(gdb) n
enter the number : 7
30          c=add (a,b);
(gdb) n

Breakpoint 1, add (a=8, b=7) at C:\Users\sukhi\OneDrive\Desktop\2nd sem\psc second sem\c-activity-sets\set01\problem03.c:14
14          sum =a+b;
(gdb) n
15          return sum;
(gdb) s
16      }
(gdb) s
main () at C:\Users\sukhi\OneDrive\Desktop\2nd sem\psc second sem\c-activity-sets\set01\problem03.c:31
31          output (a,b,c);
(gdb) n
the sum of 8 +7 is 1532     return c;
(gdb) n
33      }(gdb) n
0x00401288 in __register_frame_info ()
(gdb) n
Single stepping until exit from function __register_frame_info,
which has no line number information.
0x0040128a in __register_frame_info ()
(gdb)